###############################################################################
#
# IAR ELF Linker V8.22.2.15995/W32 for ARM                30/Oct/2018  16:06:56
# Copyright 2007-2018 IAR Systems AB.
#
#    Output file  =  
#        I:\STM32\stm32f103_program\program_F103\Basic_Project_F103\Debug\Exe\BasicProjectF103.out
#    Map file     =  
#        I:\STM32\stm32f103_program\program_F103\Basic_Project_F103\Debug\List\BasicProjectF103.map
#    Command line =  
#        -f C:\Users\ADMINI~1\AppData\Local\Temp\EWA863.tmp
#        (I:\STM32\stm32f103_program\program_F103\Basic_Project_F103\Debug\Obj\app_task.o
#        I:\STM32\stm32f103_program\program_F103\Basic_Project_F103\Debug\Obj\aux_cmd.o
#        I:\STM32\stm32f103_program\program_F103\Basic_Project_F103\Debug\Obj\bsp_board_test.o
#        I:\STM32\stm32f103_program\program_F103\Basic_Project_F103\Debug\Obj\buzzer.o
#        I:\STM32\stm32f103_program\program_F103\Basic_Project_F103\Debug\Obj\DebugSys.o
#        I:\STM32\stm32f103_program\program_F103\Basic_Project_F103\Debug\Obj\delay.o
#        I:\STM32\stm32f103_program\program_F103\Basic_Project_F103\Debug\Obj\lcd12864.o
#        I:\STM32\stm32f103_program\program_F103\Basic_Project_F103\Debug\Obj\led.o
#        I:\STM32\stm32f103_program\program_F103\Basic_Project_F103\Debug\Obj\main.o
#        I:\STM32\stm32f103_program\program_F103\Basic_Project_F103\Debug\Obj\misc.o
#        I:\STM32\stm32f103_program\program_F103\Basic_Project_F103\Debug\Obj\myiic.o
#        I:\STM32\stm32f103_program\program_F103\Basic_Project_F103\Debug\Obj\os_core.o
#        I:\STM32\stm32f103_program\program_F103\Basic_Project_F103\Debug\Obj\os_cpu_a.o
#        I:\STM32\stm32f103_program\program_F103\Basic_Project_F103\Debug\Obj\os_cpu_c.o
#        I:\STM32\stm32f103_program\program_F103\Basic_Project_F103\Debug\Obj\os_dbg.o
#        I:\STM32\stm32f103_program\program_F103\Basic_Project_F103\Debug\Obj\os_flag.o
#        I:\STM32\stm32f103_program\program_F103\Basic_Project_F103\Debug\Obj\os_mbox.o
#        I:\STM32\stm32f103_program\program_F103\Basic_Project_F103\Debug\Obj\os_mem.o
#        I:\STM32\stm32f103_program\program_F103\Basic_Project_F103\Debug\Obj\os_mutex.o
#        I:\STM32\stm32f103_program\program_F103\Basic_Project_F103\Debug\Obj\os_q.o
#        I:\STM32\stm32f103_program\program_F103\Basic_Project_F103\Debug\Obj\os_sem.o
#        I:\STM32\stm32f103_program\program_F103\Basic_Project_F103\Debug\Obj\os_task.o
#        I:\STM32\stm32f103_program\program_F103\Basic_Project_F103\Debug\Obj\os_time.o
#        I:\STM32\stm32f103_program\program_F103\Basic_Project_F103\Debug\Obj\os_tmr.o
#        I:\STM32\stm32f103_program\program_F103\Basic_Project_F103\Debug\Obj\startup_stm32f10x_hd.o
#        I:\STM32\stm32f103_program\program_F103\Basic_Project_F103\Debug\Obj\stm32f10x_adc.o
#        I:\STM32\stm32f103_program\program_F103\Basic_Project_F103\Debug\Obj\stm32f10x_bkp.o
#        I:\STM32\stm32f103_program\program_F103\Basic_Project_F103\Debug\Obj\stm32f10x_can.o
#        I:\STM32\stm32f103_program\program_F103\Basic_Project_F103\Debug\Obj\stm32f10x_cec.o
#        I:\STM32\stm32f103_program\program_F103\Basic_Project_F103\Debug\Obj\stm32f10x_crc.o
#        I:\STM32\stm32f103_program\program_F103\Basic_Project_F103\Debug\Obj\stm32f10x_dac.o
#        I:\STM32\stm32f103_program\program_F103\Basic_Project_F103\Debug\Obj\stm32f10x_dbgmcu.o
#        I:\STM32\stm32f103_program\program_F103\Basic_Project_F103\Debug\Obj\stm32f10x_dma.o
#        I:\STM32\stm32f103_program\program_F103\Basic_Project_F103\Debug\Obj\stm32f10x_exti.o
#        I:\STM32\stm32f103_program\program_F103\Basic_Project_F103\Debug\Obj\stm32f10x_flash.o
#        I:\STM32\stm32f103_program\program_F103\Basic_Project_F103\Debug\Obj\stm32f10x_fsmc.o
#        I:\STM32\stm32f103_program\program_F103\Basic_Project_F103\Debug\Obj\stm32f10x_gpio.o
#        I:\STM32\stm32f103_program\program_F103\Basic_Project_F103\Debug\Obj\stm32f10x_i2c.o
#        I:\STM32\stm32f103_program\program_F103\Basic_Project_F103\Debug\Obj\stm32f10x_it.o
#        I:\STM32\stm32f103_program\program_F103\Basic_Project_F103\Debug\Obj\stm32f10x_iwdg.o
#        I:\STM32\stm32f103_program\program_F103\Basic_Project_F103\Debug\Obj\stm32f10x_pwr.o
#        I:\STM32\stm32f103_program\program_F103\Basic_Project_F103\Debug\Obj\stm32f10x_rcc.o
#        I:\STM32\stm32f103_program\program_F103\Basic_Project_F103\Debug\Obj\stm32f10x_rtc.o
#        I:\STM32\stm32f103_program\program_F103\Basic_Project_F103\Debug\Obj\stm32f10x_sdio.o
#        I:\STM32\stm32f103_program\program_F103\Basic_Project_F103\Debug\Obj\stm32f10x_spi.o
#        I:\STM32\stm32f103_program\program_F103\Basic_Project_F103\Debug\Obj\stm32f10x_tim.o
#        I:\STM32\stm32f103_program\program_F103\Basic_Project_F103\Debug\Obj\stm32f10x_usart.o
#        I:\STM32\stm32f103_program\program_F103\Basic_Project_F103\Debug\Obj\stm32f10x_wwdg.o
#        I:\STM32\stm32f103_program\program_F103\Basic_Project_F103\Debug\Obj\sys.o
#        I:\STM32\stm32f103_program\program_F103\Basic_Project_F103\Debug\Obj\system_stm32f10x.o
#        I:\STM32\stm32f103_program\program_F103\Basic_Project_F103\Debug\Obj\usart.o
#        I:\STM32\stm32f103_program\program_F103\Basic_Project_F103\Debug\Obj\xshell_cmd.o
#        -o
#        I:\STM32\stm32f103_program\program_F103\Basic_Project_F103\Debug\Exe\BasicProjectF103.out
#        --map
#        I:\STM32\stm32f103_program\program_F103\Basic_Project_F103\Debug\List\BasicProjectF103.map
#        --log
#        libraries,initialization,modules,redirects,sections,veneers,unused_fragments,call_graph
#        --log_file
#        I:\STM32\stm32f103_program\program_F103\Basic_Project_F103\Debug\List\BasicProjectF103.log
#        --config "C:\Program Files (x86)\IAR Systems\Embedded Workbench
#        8.0\arm\config\linker\ST\stm32f103x8.icf" --semihosting --entry
#        __iar_program_start --vfe --text_out locale)
#
###############################################################################

*******************************************************************************
*** RUNTIME MODEL ATTRIBUTES
***

CppFlavor       = *
__SystemLibrary = DLib
__dlib_version  = 6


*******************************************************************************
*** HEAP SELECTION
***

The basic heap was selected because no calls to memory allocation
functions were found in the application outside of system library
functions, and there are calls to deallocation functions in the
application.


*******************************************************************************
*** PLACEMENT SUMMARY
***

"A0":  place at 0x08000000 { ro section .intvec };
"P1":  place in [from 0x08000000 to 0x0800ffff] { ro };
define block CSTACK with size = 2K, alignment = 8 { };
define block HEAP with size = 2K, alignment = 8 { };
"P2":  place in [from 0x20000000 to 0x20004fff] {
          rw, block CSTACK, block HEAP };
initialize by copy { rw };

  Section            Kind        Address    Size  Object
  -------            ----        -------    ----  ------
"A0":                                      0x130
  .intvec            ro code  0x08000000   0x130  startup_stm32f10x_hd.o [1]
                            - 0x08000130   0x130

"P1":                                     0x6eea
  .text              ro code  0x08000130   0xe22  xprintffull_nomb.o [3]
  .text              ro code  0x08000f54    0x16  strchr.o [5]
  .text              ro code  0x08000f6c    0x40  xfail_s.o [3]
  .text              ro code  0x08000fac    0x36  strlen.o [5]
  .text              ro code  0x08000fe4    0x58  memchr.o [5]
  .text              ro code  0x0800103c   0x22e  I64DivMod.o [5]
  .text              ro code  0x0800126c   0x1a2  DblMul.o [4]
  .text              ro code  0x08001410    0xa6  ABImemcpy.o [5]
  .text              ro code  0x080014b8    0x70  frexp.o [4]
  .text              ro code  0x08001528    0x2e  DblCmpLe.o [4]
  .text              ro code  0x08001558    0x2e  DblCmpGe.o [4]
  .text              ro code  0x08001588   0x13a  ldexp.o [4]
  .text              ro code  0x080016c4    0x3a  DblToS32.o [4]
  .text              ro code  0x08001700    0x22  S32ToDbl.o [4]
  .text              ro code  0x08001724    0xe2  DblSub.o [4]
  .text              ro code  0x08001808   0x246  DblDiv.o [4]
  .text              ro code  0x08001a50    0x28  DblToU32.o [4]
  .text              ro code  0x08001a78    0x1a  U32ToDbl.o [4]
  .text              ro code  0x08001a94     0x8  xlocale_c.o [3]
  .text              ro code  0x08001a9c     0x6  abort.o [3]
  .text              ro code  0x08001aa4     0x2  I64DivZer.o [5]
  .text              ro code  0x08001aa8   0x168  DblAdd.o [4]
  .text              ro code  0x08001c10    0x14  exit.o [6]
  .text              ro code  0x08001c24   0xa6c  stm32f10x_tim.o [1]
  .text              ro code  0x08002690    0xa8  sys.o [1]
  .text              ro code  0x08002738   0x590  stm32f10x_rcc.o [1]
  .text              ro code  0x08002cc8    0xac  stm32f10x_flash.o [1]
  .text              ro code  0x08002d74   0x11c  misc.o [1]
  .text              ro code  0x08002e90   0x7c4  os_core.o [1]
  .text              ro code  0x08003654    0x8e  os_cpu_c.o [1]
  .text              ro code  0x080036e4    0x60  os_flag.o [1]
  .text              ro code  0x08003744    0x54  os_q.o [1]
  CODE               ro code  0x08003798    0xb4  os_cpu_a.o [1]
  .text              ro code  0x0800384c    0x80  os_time.o [1]
  .text              ro code  0x080038cc   0x3ac  os_task.o [1]
  .text              ro code  0x08003c78   0x61c  stm32f10x_usart.o [1]
  .rodata            const    0x08004294   0x5f0  lcd12864.o [1]
  .text              ro code  0x08004884   0x450  stm32f10x_i2c.o [1]
  .text              ro code  0x08004cd4   0x378  lcd12864.o [1]
  .text              ro code  0x0800504c   0x2f4  myiic.o [1]
  .text              ro code  0x08005340    0x20  DebugSys.o [1]
  .text              ro code  0x08005360   0x1f8  stm32f10x_gpio.o [1]
  .text              ro code  0x08005558    0x20  vprintf.o [3]
  .text              ro code  0x08005578   0x26c  buzzer.o [1]
  .text              ro code  0x080057e4    0x28  printf.o [3]
  .text              ro code  0x0800580c   0x24e  xshell_cmd.o [1]
  .text              ro code  0x08005a5c   0x104  usart.o [1]
  .text              ro code  0x08005b60    0xb8  aux_cmd.o [1]
  .text              ro code  0x08005c18    0x4a  strcmp.o [5]
  .text              ro code  0x08005c62    0x30  strstr.o [3]
  .text              ro code  0x08005c94   0x244  app_task.o [1]
  .text              ro code  0x08005ed8   0x128  delay.o [1]
  .text              ro code  0x08006000    0xe2  FltAdd.o [4]
  .text              ro code  0x080060e4    0x74  FltSub.o [4]
  .rodata            const    0x08006158   0x228  lcd12864.o [1]
  .rodata            const    0x08006380   0x158  xshell_cmd.o [1]
  .text              ro code  0x080064d8   0x158  system_stm32f10x.o [1]
  .rodata            const    0x08006630   0x100  os_core.o [1]
  .text              ro code  0x08006730    0x9c  main.o [1]
  .text              ro code  0x080067cc     0xc  bsp_board_test.o [1]
  .text              ro code  0x080067d8    0x38  led.o [1]
  .rodata            const    0x08006810    0x5c  stm32f10x_flash.o [1]
  .rodata            const    0x0800686c    0x5c  stm32f10x_gpio.o [1]
  .rodata            const    0x080068c8    0x5c  stm32f10x_i2c.o [1]
  .rodata            const    0x08006924    0x5c  stm32f10x_rcc.o [1]
  .rodata            const    0x08006980    0x5c  stm32f10x_tim.o [1]
  .rodata            const    0x080069dc    0x5c  stm32f10x_usart.o [1]
  .rodata            const    0x08006a38    0x50  misc.o [1]
  .text              ro code  0x08006a88    0x40  zero_init3.o [5]
  .text              ro code  0x08006ac8    0x38  packbits_init_single.o [5]
  .rodata            const    0x08006b00    0x28  myiic.o [1]
  .rodata            const    0x08006b28    0x28  myiic.o [1]
  .text              ro code  0x08006b50    0x28  data_init.o [5]
  .rodata            const    0x08006b78    0x24  main.o [1]
  .rodata            const    0x08006b9c    0x24  main.o [1]
  .rodata            const    0x08006bc0    0x24  myiic.o [1]
  .iar.init_table    const    0x08006be4    0x20  - Linker created -
  .rodata            const    0x08006c04    0x20  app_task.o [1]
  .rodata            const    0x08006c24    0x20  main.o [1]
  .rodata            const    0x08006c44    0x20  main.o [1]
  .rodata            const    0x08006c64    0x20  main.o [1]
  .text              ro code  0x08006c84    0x1e  cmain.o [5]
  .text              ro code  0x08006ca2     0x4  low_level_init.o [3]
  .text              ro code  0x08006ca6     0x4  exit.o [3]
  .text              ro code  0x08006cac     0xa  cexit.o [5]
  .rodata            const    0x08006cb8    0x1c  main.o [1]
  .rodata            const    0x08006cd4    0x1c  main.o [1]
  .rodata            const    0x08006cf0    0x1c  main.o [1]
  .rodata            const    0x08006d0c    0x1c  myiic.o [1]
  .rodata            const    0x08006d28    0x18  buzzer.o [1]
  .rodata            const    0x08006d40    0x18  buzzer.o [1]
  .rodata            const    0x08006d58    0x18  main.o [1]
  .text              ro code  0x08006d70    0x16  xprout.o [3]
  .text              ro code  0x08006d88     0xc  putchar.o [3]
  .rodata            const    0x08006d94    0x14  app_task.o [1]
  .rodata            const    0x08006da8    0x14  buzzer.o [1]
  .rodata            const    0x08006dbc    0x14  xshell_cmd.o [1]
  .rodata            const    0x08006dd0    0x14  xshell_cmd.o [1]
  .rodata            const    0x08006de4    0x10  os_core.o [1]
  .rodata            const    0x08006df4    0x10  os_core.o [1]
  .rodata            const    0x08006e04    0x10  xshell_cmd.o [1]
  .rodata            const    0x08006e14    0x10  xshell_cmd.o [1]
  .rodata            const    0x08006e24    0x10  xshell_cmd.o [1]
  .text              ro code  0x08006e34    0x10  startup_stm32f10x_hd.o [1]
  .rodata            const    0x08006e44     0xc  myiic.o [1]
  .rodata            const    0x08006e50     0xc  myiic.o [1]
  .rodata            const    0x08006e5c     0xc  myiic.o [1]
  .rodata            const    0x08006e68     0xc  xshell_cmd.o [1]
  .text              ro code  0x08006e74     0xc  stm32f10x_it.o [1]
  .text              ro code  0x08006e80     0xc  cstartup_M.o [5]
  .rodata            const    0x08006e8c     0x8  myiic.o [1]
  .rodata            const    0x08006e94     0x8  myiic.o [1]
  .rodata            const    0x08006e9c     0x8  xshell_cmd.o [1]
  .rodata            const    0x08006ea4     0x8  xshell_cmd.o [1]
  .rodata            const    0x08006eac     0x8  xshell_cmd.o [1]
  .rodata            const    0x08006eb4     0x4  xlocale_c.o [3]
  .text              ro code  0x08006eb8     0x4  startup_stm32f10x_hd.o [1]
  .text              ro code  0x08006ebc     0x4  startup_stm32f10x_hd.o [1]
  .text              ro code  0x08006ec0     0x4  startup_stm32f10x_hd.o [1]
  .text              ro code  0x08006ec4     0x4  startup_stm32f10x_hd.o [1]
  .text              ro code  0x08006ec8     0x4  startup_stm32f10x_hd.o [1]
  .text              ro code  0x08006ecc     0x4  startup_stm32f10x_hd.o [1]
  .text              ro code  0x08006ed0     0x4  startup_stm32f10x_hd.o [1]
  .text              ro code  0x08006ed4     0x4  startup_stm32f10x_hd.o [1]
  .text              ro code  0x08006ed8     0x4  startup_stm32f10x_hd.o [1]
  .text              ro code  0x08006edc     0x4  startup_stm32f10x_hd.o [1]
  .text              ro code  0x08006ee0     0x4  startup_stm32f10x_hd.o [1]
  .text              ro code  0x08006ee4     0x4  startup_stm32f10x_hd.o [1]
  .text              ro code  0x08006ee8     0x4  startup_stm32f10x_hd.o [1]
  .text              ro code  0x08006eec     0x4  startup_stm32f10x_hd.o [1]
  .text              ro code  0x08006ef0     0x4  startup_stm32f10x_hd.o [1]
  .text              ro code  0x08006ef4     0x4  startup_stm32f10x_hd.o [1]
  .text              ro code  0x08006ef8     0x4  startup_stm32f10x_hd.o [1]
  .text              ro code  0x08006efc     0x4  startup_stm32f10x_hd.o [1]
  .text              ro code  0x08006f00     0x4  startup_stm32f10x_hd.o [1]
  .text              ro code  0x08006f04     0x4  startup_stm32f10x_hd.o [1]
  .text              ro code  0x08006f08     0x4  startup_stm32f10x_hd.o [1]
  .text              ro code  0x08006f0c     0x4  startup_stm32f10x_hd.o [1]
  .text              ro code  0x08006f10     0x4  startup_stm32f10x_hd.o [1]
  .text              ro code  0x08006f14     0x4  startup_stm32f10x_hd.o [1]
  .text              ro code  0x08006f18     0x4  startup_stm32f10x_hd.o [1]
  .text              ro code  0x08006f1c     0x4  startup_stm32f10x_hd.o [1]
  .text              ro code  0x08006f20     0x4  startup_stm32f10x_hd.o [1]
  .text              ro code  0x08006f24     0x4  startup_stm32f10x_hd.o [1]
  .text              ro code  0x08006f28     0x4  startup_stm32f10x_hd.o [1]
  .text              ro code  0x08006f2c     0x4  startup_stm32f10x_hd.o [1]
  .text              ro code  0x08006f30     0x4  startup_stm32f10x_hd.o [1]
  .text              ro code  0x08006f34     0x4  startup_stm32f10x_hd.o [1]
  .text              ro code  0x08006f38     0x4  startup_stm32f10x_hd.o [1]
  .text              ro code  0x08006f3c     0x4  startup_stm32f10x_hd.o [1]
  .text              ro code  0x08006f40     0x4  startup_stm32f10x_hd.o [1]
  .text              ro code  0x08006f44     0x4  startup_stm32f10x_hd.o [1]
  .text              ro code  0x08006f48     0x4  startup_stm32f10x_hd.o [1]
  .text              ro code  0x08006f4c     0x4  startup_stm32f10x_hd.o [1]
  .text              ro code  0x08006f50     0x4  startup_stm32f10x_hd.o [1]
  .text              ro code  0x08006f54     0x4  startup_stm32f10x_hd.o [1]
  .text              ro code  0x08006f58     0x4  startup_stm32f10x_hd.o [1]
  .text              ro code  0x08006f5c     0x4  startup_stm32f10x_hd.o [1]
  .text              ro code  0x08006f60     0x4  startup_stm32f10x_hd.o [1]
  .text              ro code  0x08006f64     0x4  startup_stm32f10x_hd.o [1]
  .text              ro code  0x08006f68     0x4  startup_stm32f10x_hd.o [1]
  .text              ro code  0x08006f6c     0x4  startup_stm32f10x_hd.o [1]
  .text              ro code  0x08006f70     0x4  startup_stm32f10x_hd.o [1]
  .text              ro code  0x08006f74     0x4  startup_stm32f10x_hd.o [1]
  .text              ro code  0x08006f78     0x4  startup_stm32f10x_hd.o [1]
  .text              ro code  0x08006f7c     0x4  startup_stm32f10x_hd.o [1]
  .text              ro code  0x08006f80     0x4  startup_stm32f10x_hd.o [1]
  .text              ro code  0x08006f84     0x4  startup_stm32f10x_hd.o [1]
  .text              ro code  0x08006f88     0x4  startup_stm32f10x_hd.o [1]
  .text              ro code  0x08006f8c     0x4  startup_stm32f10x_hd.o [1]
  .text              ro code  0x08006f90     0x4  startup_stm32f10x_hd.o [1]
  .text              ro code  0x08006f94     0x4  startup_stm32f10x_hd.o [1]
  .text              ro code  0x08006f98     0x4  startup_stm32f10x_hd.o [1]
  .text              ro code  0x08006f9c     0x4  startup_stm32f10x_hd.o [1]
  .text              ro code  0x08006fa0     0x4  startup_stm32f10x_hd.o [1]
  .text              ro code  0x08006fa4     0x4  startup_stm32f10x_hd.o [1]
  .rodata            const    0x08006fa8     0x0  zero_init3.o [5]
  .rodata            const    0x08006fa8     0x0  packbits_init_single.o [5]
  Initializer bytes  const    0x08006fa8    0x72  <for P2-1>
                            - 0x0800701a  0x6eea

"P2", part 1 of 3:                          0x9b
  P2-1                        0x20000000    0x9b  <Init block>
    .data            inited   0x20000000     0x4  app_task.o [1]
    .data            inited   0x20000004    0x10  stm32f10x_rcc.o [1]
    .data            inited   0x20000014     0x4  stm32f10x_rcc.o [1]
    .data            inited   0x20000018    0x48  xfiles.o [3]
    .data            inited   0x20000060    0x38  xlocale_c.o [3]
    .data            inited   0x20000098     0x1  app_task.o [1]
    .data            inited   0x20000099     0x1  buzzer.o [1]
    .data            inited   0x2000009a     0x1  myiic.o [1]
                            - 0x2000009b    0x9b

"P2", part 2 of 3:                        0x32a8
  .bss               zero     0x2000009c  0x2000  app_task.o [1]
  .bss               zero     0x2000209c   0x3f0  os_core.o [1]
  .bss               zero     0x20002490   0x200  app_task.o [1]
  .bss               zero     0x20002690   0x200  app_task.o [1]
  .bss               zero     0x20002890   0x200  os_core.o [1]
  .bss               zero     0x20002a90   0x200  os_core.o [1]
  .bss               zero     0x20002c90   0x100  app_task.o [1]
  .bss               zero     0x20002d90   0x100  app_task.o [1]
  .bss               zero     0x20002e90   0x100  app_task.o [1]
  .bss               zero     0x20002f90   0x100  os_core.o [1]
  .bss               zero     0x20003090    0xc8  os_core.o [1]
  .bss               zero     0x20003158    0x78  os_core.o [1]
  .bss               zero     0x200031d0    0x78  usart.o [1]
  .bss               zero     0x20003248    0x50  os_core.o [1]
  .bss               zero     0x20003298    0x50  xfiles.o [3]
  .bss               zero     0x200032e8     0xc  xshell_cmd.o [1]
  .bss               zero     0x200032f4     0x8  os_core.o [1]
  .bss               zero     0x200032fc     0x4  os_core.o [1]
  .bss               zero     0x20003300     0x4  os_core.o [1]
  .bss               zero     0x20003304     0x4  os_core.o [1]
  .bss               zero     0x20003308     0x4  os_core.o [1]
  .bss               zero     0x2000330c     0x4  os_core.o [1]
  .bss               zero     0x20003310     0x4  os_core.o [1]
  .bss               zero     0x20003314     0x4  os_core.o [1]
  .bss               zero     0x20003318     0x4  os_core.o [1]
  .bss               zero     0x2000331c     0x4  os_core.o [1]
  .bss               zero     0x20003320     0x4  os_core.o [1]
  .bss               zero     0x20003324     0x4  os_core.o [1]
  .bss               zero     0x20003328     0x4  os_core.o [1]
  .bss               zero     0x2000332c     0x4  xfail_s.o [3]
  .bss               zero     0x20003330     0x2  delay.o [1]
  .bss               zero     0x20003332     0x2  myiic.o [1]
  .bss               zero     0x20003334     0x2  os_core.o [1]
  .bss               zero     0x20003336     0x2  usart.o [1]
  .bss               zero     0x20003338     0x1  delay.o [1]
  .bss               zero     0x20003339     0x1  os_core.o [1]
  .bss               zero     0x2000333a     0x1  os_core.o [1]
  .bss               zero     0x2000333b     0x1  os_core.o [1]
  .bss               zero     0x2000333c     0x1  os_core.o [1]
  .bss               zero     0x2000333d     0x1  os_core.o [1]
  .bss               zero     0x2000333e     0x1  os_core.o [1]
  .bss               zero     0x2000333f     0x1  os_core.o [1]
  .bss               zero     0x20003340     0x1  os_core.o [1]
  .bss               zero     0x20003341     0x1  os_core.o [1]
                            - 0x20003342  0x32a6

"P2", part 3 of 3:                         0x800
  CSTACK                      0x20003348   0x800  <Block>
    CSTACK           uninit   0x20003348   0x800  <Block tail>
                            - 0x20003b48   0x800


*******************************************************************************
*** INIT TABLE
***

          Address     Size
          -------     ----
Zero (__iar_zero_init3)
    1 destination range, total size 0x32a6:
          0x2000009c  0x32a6

Copy/packbits (__iar_packbits_init_single3)
    1 source range, total size 0x72 (73% of destination):
          0x08006fa8    0x72
    1 destination range, total size 0x9b:
          0x20000000    0x9b



*******************************************************************************
*** MODULE SUMMARY
***

    Module                  ro code  ro data  rw data
    ------                  -------  -------  -------
I:\STM32\stm32f103_program\program_F103\Basic_Project_F103\Debug\Obj: [1]
    DebugSys.o                   32
    app_task.o                  580       55    9 989
    aux_cmd.o                   184
    bsp_board_test.o             12
    buzzer.o                    620       69        1
    delay.o                     296                 3
    lcd12864.o                  888    2 072
    led.o                        56
    main.o                      156      276
    misc.o                      284       80
    myiic.o                     756      197        3
    os_core.o                 1 988      288    2 755
    os_cpu_a.o                  180
    os_cpu_c.o                  142
    os_flag.o                    96
    os_q.o                       84
    os_task.o                   940
    os_time.o                   128
    startup_stm32f10x_hd.o      560
    stm32f10x_flash.o           172       92
    stm32f10x_gpio.o            504       92
    stm32f10x_i2c.o           1 104       92
    stm32f10x_it.o               12
    stm32f10x_rcc.o           1 424      107       20
    stm32f10x_tim.o           2 668       92
    stm32f10x_usart.o         1 564       92
    sys.o                       168
    system_stm32f10x.o          344
    usart.o                     260               122
    xshell_cmd.o                590      468       12
    -------------------------------------------------
    Total:                   16 792    4 072   12 905

command line: [2]
    -------------------------------------------------
    Total:

dl7M_tlf.a: [3]
    abort.o                       6
    exit.o                        4
    low_level_init.o              4
    printf.o                     40
    putchar.o                    12
    strstr.o                     48
    vprintf.o                    32
    xfail_s.o                    64                 4
    xfiles.o                              53      152
    xlocale_c.o                   8       45       56
    xprintffull_nomb.o        3 618
    xprout.o                     22
    -------------------------------------------------
    Total:                    3 858       98      212

m7M_tl.a: [4]
    DblAdd.o                    360
    DblCmpGe.o                   46
    DblCmpLe.o                   46
    DblDiv.o                    582
    DblMul.o                    418
    DblSub.o                    226
    DblToS32.o                   58
    DblToU32.o                   40
    FltAdd.o                    226
    FltSub.o                    116
    S32ToDbl.o                   34
    U32ToDbl.o                   26
    frexp.o                     112
    ldexp.o                     314
    -------------------------------------------------
    Total:                    2 604

rt7M_tl.a: [5]
    ABImemcpy.o                 166
    I64DivMod.o                 558
    I64DivZer.o                   2
    cexit.o                      10
    cmain.o                      30
    cstartup_M.o                 12
    data_init.o                  40
    memchr.o                     88
    packbits_init_single.o       56
    strchr.o                     22
    strcmp.o                     74
    strlen.o                     54
    zero_init3.o                 64
    -------------------------------------------------
    Total:                    1 176

shb_l.a: [6]
    exit.o                       20
    -------------------------------------------------
    Total:                       20

    Gaps                         44        2        4
    Linker created                        32    2 048
-----------------------------------------------------
    Grand Total:             24 494    4 204   15 169


*******************************************************************************
*** ENTRY LIST
***

Entry                      Address    Size  Type      Object
-----                      -------    ----  ----      ------
.iar.init_table$$Base   0x08006be4           --   Gb  - Linker created -
.iar.init_table$$Limit  0x08006c04           --   Gb  - Linker created -
?main                   0x08006c85          Code  Gb  cmain.o [5]
ADCPrescTable           0x20000014     0x4  Data  Lc  stm32f10x_rcc.o [1]
APBAHBPrescTable        0x20000004    0x10  Data  Lc  stm32f10x_rcc.o [1]
BUZZER_TASK_STK         0x20002690   0x200  Data  Gb  app_task.o [1]
BUZZER_task             0x08005d11    0xac  Code  Gb  app_task.o [1]
BusFault_Handler        0x08006e7b     0x2  Code  Gb  stm32f10x_it.o [1]
CONSOLE_TASK_STK        0x2000009c  0x2000  Data  Gb  app_task.o [1]
CSTACK$$Base            0x20003348           --   Gb  - Linker created -
CSTACK$$Limit           0x20003b48           --   Gb  - Linker created -
DebugMon_Handler        0x08006e7f     0x2  Code  Gb  stm32f10x_it.o [1]
Dprintf                 0x08005341    0x20  Code  Gb  DebugSys.o [1]
F6x8                    0x08006158   0x228  Data  Gb  lcd12864.o [1]
F8X16                   0x08004294   0x5f0  Data  Gb  lcd12864.o [1]
FLASH_HalfCycleAccessCmd
                        0x08002cfb    0x38  Code  Gb  stm32f10x_flash.o [1]
FLASH_PrefetchBufferCmd
                        0x08002d33    0x38  Code  Gb  stm32f10x_flash.o [1]
FLASH_SetLatency        0x08002cc9    0x32  Code  Gb  stm32f10x_flash.o [1]
FLOAT_TASK_STK          0x20002490   0x200  Data  Gb  app_task.o [1]
GPIO_Init               0x08005361   0x16e  Code  Gb  stm32f10x_gpio.o [1]
GPIO_SetBits            0x080054cf    0x64  Code  Gb  stm32f10x_gpio.o [1]
HardFault_Handler       0x08006e77     0x2  Code  Gb  stm32f10x_it.o [1]
I2C_CheckEvent          0x08004ba5    0xe4  Code  Gb  stm32f10x_i2c.o [1]
I2C_Cmd                 0x08004a01    0x5a  Code  Gb  stm32f10x_i2c.o [1]
I2C_GenerateSTART       0x08004a5b    0x5a  Code  Gb  stm32f10x_i2c.o [1]
I2C_GenerateSTOP        0x08004ab5    0x5a  Code  Gb  stm32f10x_i2c.o [1]
I2C_Init                0x08004885   0x17c  Code  Gb  stm32f10x_i2c.o [1]
I2C_Send7bitAddress     0x08004b37    0x56  Code  Gb  stm32f10x_i2c.o [1]
I2C_SendData            0x08004b0f    0x28  Code  Gb  stm32f10x_i2c.o [1]
IIC_Detection           0x0800517b    0x70  Code  Gb  myiic.o [1]
IIC_Init                0x0800526b    0x8e  Code  Gb  myiic.o [1]
IIC_Init::static_flag   0x2000009a     0x1  Data  Lc  myiic.o [1]
IIC_Write_One_Byte      0x0800504d   0x12e  Code  Gb  myiic.o [1]
Init_System             0x080026b3    0x86  Code  Gb  sys.o [1]
Init_Task               0x08005c95    0x12  Code  Gb  app_task.o [1]
LED0_TASK_STK           0x20002d90   0x100  Data  Gb  app_task.o [1]
LED1_TASK_STK           0x20002e90   0x100  Data  Gb  app_task.o [1]
LED_Init                0x080067d9    0x38  Code  Gb  led.o [1]
LoadInt                 0x080002e3    0x7a  Code  Lc  xprintffull_nomb.o [3]
MemManage_Handler       0x08006e79     0x2  Code  Gb  stm32f10x_it.o [1]
My_SystemReset          0x08002695    0x14  Code  Gb  sys.o [1]
NMI_Handler             0x08006e75     0x2  Code  Gb  stm32f10x_it.o [1]
NVIC_Init               0x08002da9    0x94  Code  Gb  misc.o [1]
NVIC_PriorityGroupConfig
                        0x08002d75    0x34  Code  Gb  misc.o [1]
OLED_Clear              0x08004d27    0x44  Code  Gb  lcd12864.o [1]
OLED_Init               0x08004f69    0xe4  Code  Gb  lcd12864.o [1]
OLED_Set_Pos            0x08004cf5    0x32  Code  Gb  lcd12864.o [1]
OLED_ShowChar           0x08004d6b    0xba  Code  Gb  lcd12864.o [1]
OLED_ShowNum            0x08004e61    0xc0  Code  Gb  lcd12864.o [1]
OLED_ShowString         0x08004f21    0x48  Code  Gb  lcd12864.o [1]
OLED_WR_Byte            0x08004cd5    0x20  Code  Gb  lcd12864.o [1]
OSCPUUsage              0x20003334     0x2  Data  Gb  os_core.o [1]
OSCtxSw                 0x080037c7          Code  Gb  os_cpu_a.o [1]
OSCtxSwCtr              0x200032fc     0x4  Data  Gb  os_core.o [1]
OSEventFreeList         0x20003300     0x4  Data  Gb  os_core.o [1]
OSEventTbl              0x20003090    0xc8  Data  Gb  os_core.o [1]
OSFlagFreeList          0x20003304     0x4  Data  Gb  os_core.o [1]
OSFlagTbl               0x20003248    0x50  Data  Gb  os_core.o [1]
OSIdleCtr               0x20003310     0x4  Data  Gb  os_core.o [1]
OSIdleCtrMax            0x20003308     0x4  Data  Gb  os_core.o [1]
OSIdleCtrRun            0x2000330c     0x4  Data  Gb  os_core.o [1]
OSInit                  0x08002e91    0x2c  Code  Gb  os_core.o [1]
OSInitHookBegin         0x08003655     0x2  Code  Gb  os_cpu_c.o [1]
OSInitHookEnd           0x08003657     0x2  Code  Gb  os_cpu_c.o [1]
OSIntCtxSw              0x080037d3          Code  Gb  os_cpu_a.o [1]
OSIntEnter              0x08002ebd    0x24  Code  Gb  os_core.o [1]
OSIntExit               0x08002ee1    0x94  Code  Gb  os_core.o [1]
OSIntNesting            0x2000333a     0x1  Data  Gb  os_core.o [1]
OSLockNesting           0x2000333b     0x1  Data  Gb  os_core.o [1]
OSPrioCur               0x2000333c     0x1  Data  Gb  os_core.o [1]
OSPrioHighRdy           0x2000333d     0x1  Data  Gb  os_core.o [1]
OSQFreeList             0x20003324     0x4  Data  Gb  os_core.o [1]
OSQTbl                  0x20003158    0x78  Data  Gb  os_core.o [1]
OSRdyGrp                0x2000333e     0x1  Data  Gb  os_core.o [1]
OSRdyTbl                0x200032f4     0x8  Data  Gb  os_core.o [1]
OSRunning               0x2000333f     0x1  Data  Gb  os_core.o [1]
OSSchedLock             0x08002f75    0x3a  Code  Gb  os_core.o [1]
OSSchedUnlock           0x08002faf    0x5a  Code  Gb  os_core.o [1]
OSStart                 0x08003009    0x42  Code  Gb  os_core.o [1]
OSStartHighRdy          0x080037a7          Code  Gb  os_cpu_a.o [1]
OSStatInit              0x0800304b    0x40  Code  Gb  os_core.o [1]
OSStatRdy               0x20003339     0x1  Data  Gb  os_core.o [1]
OSTCBCur                0x20003314     0x4  Data  Gb  os_core.o [1]
OSTCBFreeList           0x20003318     0x4  Data  Gb  os_core.o [1]
OSTCBHighRdy            0x2000331c     0x4  Data  Gb  os_core.o [1]
OSTCBInitHook           0x080036df     0x2  Code  Gb  os_cpu_c.o [1]
OSTCBList               0x20003320     0x4  Data  Gb  os_core.o [1]
OSTCBPrioTbl            0x20002f90   0x100  Data  Gb  os_core.o [1]
OSTCBTbl                0x2000209c   0x3f0  Data  Gb  os_core.o [1]
OSTaskCreate            0x080038cd    0xa6  Code  Gb  os_task.o [1]
OSTaskCreateExt         0x08003973    0xc4  Code  Gb  os_task.o [1]
OSTaskCreateHook        0x08003659     0x2  Code  Gb  os_cpu_c.o [1]
OSTaskCtr               0x20003340     0x1  Data  Gb  os_core.o [1]
OSTaskIdleHook          0x0800365b     0x8  Code  Gb  os_cpu_c.o [1]
OSTaskIdleStk           0x20002a90   0x200  Data  Gb  os_core.o [1]
OSTaskNameSet           0x08003a37    0x5c  Code  Gb  os_task.o [1]
OSTaskResume            0x08003a93    0x98  Code  Gb  os_task.o [1]
OSTaskStatHook          0x08003663     0x2  Code  Gb  os_cpu_c.o [1]
OSTaskStatStk           0x20002890   0x200  Data  Gb  os_core.o [1]
OSTaskStkChk            0x08003b2b    0x78  Code  Gb  os_task.o [1]
OSTaskStkInit           0x08003665    0x78  Code  Gb  os_cpu_c.o [1]
OSTaskSuspend           0x08003ba3    0xa4  Code  Gb  os_task.o [1]
OSTaskSwHook            0x080036dd     0x2  Code  Gb  os_cpu_c.o [1]
OSTickStepState         0x20003341     0x1  Data  Gb  os_core.o [1]
OSTime                  0x20003328     0x4  Data  Gb  os_core.o [1]
OSTimeDly               0x0800384d    0x6c  Code  Gb  os_time.o [1]
OSTimeTick              0x0800308b    0xe4  Code  Gb  os_core.o [1]
OSTimeTickHook          0x080036e1     0x2  Code  Gb  os_cpu_c.o [1]
OSUnMapTbl              0x08006630   0x100  Data  Gb  os_core.o [1]
OS_CPU_SR_Restore       0x080037a1          Code  Gb  os_cpu_a.o [1]
OS_CPU_SR_Save          0x08003799          Code  Gb  os_cpu_a.o [1]
OS_FlagInit             0x080036e5    0x52  Code  Gb  os_flag.o [1]
OS_InitEventList        0x0800316f    0x60  Code  Lc  os_core.o [1]
OS_InitMisc             0x080031cf    0x52  Code  Lc  os_core.o [1]
OS_InitRdyList          0x08003221    0x44  Code  Lc  os_core.o [1]
OS_InitTCBList          0x080032dd    0x6e  Code  Lc  os_core.o [1]
OS_InitTaskIdle         0x08003265    0x3c  Code  Lc  os_core.o [1]
OS_InitTaskStat         0x080032a1    0x3c  Code  Lc  os_core.o [1]
OS_MemClr               0x0800334b    0x14  Code  Gb  os_core.o [1]
OS_QInit                0x08003745    0x4c  Code  Gb  os_q.o [1]
OS_Sched                0x0800335f    0x5c  Code  Gb  os_core.o [1]
OS_SchedNew             0x080033bb    0x20  Code  Lc  os_core.o [1]
OS_TCBInit              0x0800349d   0x138  Code  Gb  os_core.o [1]
OS_TaskIdle             0x080033dd    0x1c  Code  Gb  os_core.o [1]
OS_TaskStat             0x080033f9    0x5e  Code  Gb  os_core.o [1]
OS_TaskStatStkChk       0x08003457    0x42  Code  Gb  os_core.o [1]
OS_TaskStkClr           0x08003c61    0x18  Code  Gb  os_task.o [1]
PendSV_Handler          0x080037e1          Code  Gb  os_cpu_a.o [1]
RCC_ADCCLKConfig        0x08002a0f    0x3c  Code  Gb  stm32f10x_rcc.o [1]
RCC_APB1PeriphClockCmd  0x08002b8b    0x56  Code  Gb  stm32f10x_rcc.o [1]
RCC_APB2PeriphClockCmd  0x08002b29    0x62  Code  Gb  stm32f10x_rcc.o [1]
RCC_DeInit              0x08002739    0x60  Code  Gb  stm32f10x_rcc.o [1]
RCC_GetClocksFreq       0x08002a4b    0xde  Code  Gb  stm32f10x_rcc.o [1]
RCC_GetFlagStatus       0x08002be1    0xa2  Code  Gb  stm32f10x_rcc.o [1]
RCC_HCLKConfig          0x0800293f    0x4a  Code  Gb  stm32f10x_rcc.o [1]
RCC_HSEConfig           0x08002799    0x74  Code  Gb  stm32f10x_rcc.o [1]
RCC_PCLK1Config         0x08002989    0x42  Code  Gb  stm32f10x_rcc.o [1]
RCC_PCLK2Config         0x080029cb    0x44  Code  Gb  stm32f10x_rcc.o [1]
RCC_PLLCmd              0x080028e3    0x2a  Code  Gb  stm32f10x_rcc.o [1]
RCC_PLLConfig           0x08002845    0x9e  Code  Gb  stm32f10x_rcc.o [1]
RCC_SYSCLKConfig        0x0800290d    0x32  Code  Gb  stm32f10x_rcc.o [1]
RCC_WaitForHSEStartUp   0x0800280d    0x38  Code  Gb  stm32f10x_rcc.o [1]
Region$$Table$$Base     0x08006be4           --   Gb  - Linker created -
Region$$Table$$Limit    0x08006c04           --   Gb  - Linker created -
START_TASK_STK          0x20002c90   0x100  Data  Gb  app_task.o [1]
SetSysClock             0x0800652d     0x8  Code  Lc  system_stm32f10x.o [1]
SetSysClockTo72         0x08006535    0xe0  Code  Lc  system_stm32f10x.o [1]
SysTick_CLKSourceConfig
                        0x08002e3d    0x36  Code  Gb  misc.o [1]
SysTick_Handler         0x08005ef1    0x18  Code  Gb  delay.o [1]
SystemInit              0x080064d9    0x54  Code  Gb  system_stm32f10x.o [1]
TIM23_PWM_Init          0x08005589   0x236  Code  Gb  buzzer.o [1]
TIM23_PWM_Init::flag_one
                        0x20000099     0x1  Data  Lc  buzzer.o [1]
TIM_Cmd                 0x0800217d    0xd0  Code  Gb  stm32f10x_tim.o [1]
TIM_OC1Init             0x08001d95   0x1f2  Code  Gb  stm32f10x_tim.o [1]
TIM_OC1PreloadConfig    0x08002371    0xa4  Code  Gb  stm32f10x_tim.o [1]
TIM_OC2Init             0x08001f87   0x1ae  Code  Gb  stm32f10x_tim.o [1]
TIM_OC2PreloadConfig    0x08002431    0x80  Code  Gb  stm32f10x_tim.o [1]
TIM_PrescalerConfig     0x08002291    0xba  Code  Gb  stm32f10x_tim.o [1]
TIM_SetAutoreload       0x080024dd    0x86  Code  Gb  stm32f10x_tim.o [1]
TIM_SetCompare1         0x08002579    0x84  Code  Gb  stm32f10x_tim.o [1]
TIM_SetCompare2         0x080025fd    0x50  Code  Gb  stm32f10x_tim.o [1]
TIM_TimeBaseInit        0x08001c25   0x170  Code  Gb  stm32f10x_tim.o [1]
USART1_IRQHandler       0x08005b0f    0x26  Code  Gb  usart.o [1]
USART_Cmd               0x08003e47    0x72  Code  Gb  stm32f10x_usart.o [1]
USART_GetFlagStatus     0x08004085    0xd0  Code  Gb  stm32f10x_usart.o [1]
USART_GetITStatus       0x08004155   0x126  Code  Gb  stm32f10x_usart.o [1]
USART_ITConfig          0x08003eb9   0x132  Code  Gb  stm32f10x_usart.o [1]
USART_Init              0x08003c79   0x1ce  Code  Gb  stm32f10x_usart.o [1]
USART_RX_BUF            0x200031d0    0x78  Data  Gb  usart.o [1]
USART_RX_STA            0x20003336     0x2  Data  Gb  usart.o [1]
USART_ReceiveData       0x08004035    0x34  Code  Gb  stm32f10x_usart.o [1]
USART_SendData          0x08003feb    0x4a  Code  Gb  stm32f10x_usart.o [1]
UsageFault_Handler      0x08006e7d     0x2  Code  Gb  stm32f10x_it.o [1]
WFI_SET                 0x08002691     0x4  Code  Gb  sys.o [1]
_GenldFullNoMb          0x08000c51   0x274  Code  Lc  xprintffull_nomb.o [3]
_LdtobFullNoMb          0x08000825   0x3fe  Code  Lc  xprintffull_nomb.o [3]
_LitobFullNoMb          0x080006cd   0x112  Code  Lc  xprintffull_nomb.o [3]
_Locale_lconv           0x20000060    0x38  Data  Lc  xlocale_c.o [3]
_PrintfFullNoMb         0x08000131   0x1a4  Code  Gb  xprintffull_nomb.o [3]
_Prout                  0x08006d71    0x16  Code  Gb  xprout.o [3]
_PutcharsFullNoMb       0x08000ec5    0x2e  Code  Lc  xprintffull_nomb.o [3]
_PutfldFullNoMb         0x0800035d   0x264  Code  Lc  xprintffull_nomb.o [3]
_PuttxtFullNoMb         0x080005c1   0x10c  Code  Lc  xprintffull_nomb.o [3]
__aeabi_cdcmple         0x08001529          Code  Gb  DblCmpLe.o [4]
__aeabi_cdrcmple        0x08001559          Code  Gb  DblCmpGe.o [4]
__aeabi_d2iz            0x080016c5          Code  Gb  DblToS32.o [4]
__aeabi_d2uiz           0x08001a51          Code  Gb  DblToU32.o [4]
__aeabi_ddiv            0x08001809          Code  Gb  DblDiv.o [4]
__aeabi_dmul            0x0800126d          Code  Gb  DblMul.o [4]
__aeabi_dsub            0x08001725          Code  Gb  DblSub.o [4]
__aeabi_fadd            0x08006001          Code  Gb  FltAdd.o [4]
__aeabi_i2d             0x08001701          Code  Gb  S32ToDbl.o [4]
__aeabi_ldiv0           0x08001aa5          Code  Gb  I64DivZer.o [5]
__aeabi_memcpy          0x08001411          Code  Gb  ABImemcpy.o [5]
__aeabi_memcpy4         0x08001431          Code  Gb  ABImemcpy.o [5]
__aeabi_memcpy8         0x08001431          Code  Gb  ABImemcpy.o [5]
__aeabi_ui2d            0x08001a79          Code  Gb  U32ToDbl.o [4]
__aeabi_uldivmod        0x0800103d          Code  Gb  I64DivMod.o [5]
__cmain                 0x08006c85          Code  Gb  cmain.o [5]
__exit                  0x08001c11    0x14  Code  Gb  exit.o [6]
__iar_Fail_s            0x08000f6d    0x1c  Code  Gb  xfail_s.o [3]
__iar_Memchr            0x08000fe5          Code  Gb  memchr.o [5]
__iar_Stdout            0x20000018    0x48  Data  Gb  xfiles.o [3]
__iar_Strchr            0x08000f55          Code  Gb  strchr.o [5]
__iar_dadd              0x08001735          Code  Gb  DblSub.o [4]
__iar_data_init3        0x08006b51    0x28  Code  Gb  data_init.o [5]
__iar_dsub              0x08001aa9          Code  Gb  DblAdd.o [4]
__iar_dsubStart         0x08001abb          Code  Gb  DblAdd.o [4]
__iar_fadd              0x080060e5          Code  Gb  FltSub.o [4]
__iar_frexp             0x080014c5          Code  Gb  frexp.o [4]
__iar_frexp64           0x080014b9          Code  Gb  frexp.o [4]
__iar_frexpl            0x080014c5          Code  Gb  frexp.o [4]
__iar_fsub              0x0800600d          Code  Gb  FltAdd.o [4]
__iar_fsubStart         0x0800601d          Code  Gb  FltAdd.o [4]
__iar_ldexp64           0x08001589          Code  Gb  ldexp.o [4]
__iar_packbits_init_single3
                        0x08006ac9    0x38  Code  Gb  packbits_init_single.o [5]
__iar_program_start     0x08006e81          Code  Gb  cstartup_M.o [5]
__iar_scalbln64         0x08001589          Code  Gb  ldexp.o [4]
__iar_scalbn64          0x08001589          Code  Gb  ldexp.o [4]
__iar_systems$$module {Abs}
                        0x00000001          Data  Gb  command line/config [2]
__iar_zero_init3        0x08006a89    0x40  Code  Gb  zero_init3.o [5]
__low_level_init        0x08006ca3     0x4  Code  Gb  low_level_init.o [3]
__vector_table          0x08000000          Data  Gb  startup_stm32f10x_hd.o [1]
_call_main              0x08006c91          Code  Gb  cmain.o [5]
_exit                   0x08006cad          Code  Gb  cexit.o [5]
_main                   0x08006c9f          Code  Gb  cmain.o [5]
abort                   0x08001a9d     0x6  Code  Gb  abort.o [3]
analysis_cmd            0x08005863    0x82  Code  Gb  xshell_cmd.o [1]
assert_failed           0x080026b1     0x2  Code  Gb  sys.o [1]
bsp_init                0x080067cd     0xc  Code  Gb  bsp_board_test.o [1]
buzzer_Init             0x08005579    0x10  Code  Gb  buzzer.o [1]
buzzer_start            0x080058fb    0x9c  Code  Gb  xshell_cmd.o [1]
cmd_clear               0x08006eac     0x8  Data  Gb  xshell_cmd.o [1]
cmd_con                 0x08006dd0    0x14  Data  Gb  xshell_cmd.o [1]
cmd_header              0x200032e8     0xc  Data  Gb  xshell_cmd.o [1]
console_task            0x08005837    0x2c  Code  Gb  xshell_cmd.o [1]
delay_init              0x08005f09    0x4c  Code  Gb  delay.o [1]
delay_ms                0x08005f97    0x4e  Code  Gb  delay.o [1]
delay_osschedlock       0x08005ed9     0x8  Code  Gb  delay.o [1]
delay_osschedunlock     0x08005ee1     0x8  Code  Gb  delay.o [1]
delay_ostimedly         0x08005ee9     0x8  Code  Gb  delay.o [1]
delay_us                0x08005f55    0x42  Code  Gb  delay.o [1]
do_cmd                  0x08005997    0x66  Code  Gb  xshell_cmd.o [1]
exit                    0x08006ca7     0x4  Code  Gb  exit.o [3]
fac_ms                  0x20003330     0x2  Data  Lc  delay.o [1]
fac_us                  0x20003338     0x1  Data  Lc  delay.o [1]
find_para               0x08005b61    0xb8  Code  Gb  aux_cmd.o [1]
flag_use                0x20000098     0x1  Data  Gb  app_task.o [1]
float_task              0x08005e35    0x6a  Code  Gb  app_task.o [1]
float_task::float_num   0x20000000     0x4  Data  Lc  app_task.o [1]
fputc                   0x08005a5d    0x12  Code  Gb  usart.o [1]
frexp                   0x080014b9          Code  Gb  frexp.o [4]
frexpl                  0x080014b9          Code  Gb  frexp.o [4]
ldexp                   0x08001589          Code  Gb  ldexp.o [4]
ldexpl                  0x08001589          Code  Gb  ldexp.o [4]
led0_task               0x08005dbd    0x3c  Code  Gb  app_task.o [1]
led1_task               0x08005df9    0x3c  Code  Gb  app_task.o [1]
localeconv              0x08001a95     0x4  Code  Gb  xlocale_c.o [3]
main                    0x08006731    0x9c  Code  Gb  main.o [1]
memchr                  0x08000fe5          Code  Gb  memchr.o [5]
obuf                    0x20003298    0x50  Data  Lc  xfiles.o [3]
oled_len                0x08004e45    0x1c  Code  Gb  lcd12864.o [1]
oled_pow                0x08004e2d    0x18  Code  Gb  lcd12864.o [1]
printf                  0x080057e5    0x28  Code  Gb  printf.o [3]
putchar                 0x08006d89     0xc  Code  Gb  putchar.o [3]
reset_system            0x080058f1     0xa  Code  Gb  xshell_cmd.o [1]
scalbln                 0x08001589          Code  Gb  ldexp.o [4]
scalblnl                0x08001589          Code  Gb  ldexp.o [4]
scalbn                  0x08001589          Code  Gb  ldexp.o [4]
scalbnl                 0x08001589          Code  Gb  ldexp.o [4]
scale                   0x080007df    0x46  Code  Lc  xprintffull_nomb.o [3]
sec_hand                0x2000332c     0x4  Data  Lc  xfail_s.o [3]
send_cmd_console        0x08005a39    0x22  Code  Gb  xshell_cmd.o [1]
start_task              0x08005ca9    0x68  Code  Gb  app_task.o [1]
str_help                0x08006380   0x158  Data  Gb  xshell_cmd.o [1]
strchr                  0x08000f55          Code  Gb  strchr.o [5]
strcmp                  0x08005c19          Code  Gb  strcmp.o [5]
strlen                  0x08000fad          Code  Gb  strlen.o [5]
strstr                  0x08005c63    0x30  Code  Gb  strstr.o [3]
test_i2c                0x080051eb    0x80  Code  Gb  myiic.o [1]
timeout                 0x20003332     0x2  Data  Gb  myiic.o [1]
usart1_send_char        0x08005b35    0x1e  Code  Gb  usart.o [1]
usart_init              0x08005a6f    0xa0  Code  Gb  usart.o [1]
vprintf                 0x08005559    0x20  Code  Gb  vprintf.o [3]
work_help               0x080058e5     0xc  Code  Gb  xshell_cmd.o [1]
xshell_init             0x0800580d    0x2a  Code  Gb  xshell_cmd.o [1]


[1] = I:\STM32\stm32f103_program\program_F103\Basic_Project_F103\Debug\Obj
[2] = command line
[3] = dl7M_tlf.a
[4] = m7M_tl.a
[5] = rt7M_tl.a
[6] = shb_l.a

  24 494 bytes of readonly  code memory
   4 204 bytes of readonly  data memory
  15 169 bytes of readwrite data memory

Errors: none
Warnings: none
